
> szabist-sdfs@0.1.0 build
> npx prisma generate && next build

node.exe : Loaded Prisma 
config from 
prisma.config.ts.
At line:1 char:1
+ & "C:\Program 
Files\nodejs/node.exe" "C:
\Users\DELL\AppData\Roamin
g\n ...
+ ~~~~~~~~~~~~~~~~~~~~~~~~
~~~~~~~~~~~~~~~~~~~~~~~~~~
~~~~~~~~~~~~~~~~~~~
    + CategoryInfo        
      : NotSpecified: (L  
  oaded Prisma c...isma   
 .config.ts.:String) [    
], RemoteException
    + FullyQualifiedError 
   Id : NativeCommandErr  
  or
 

Prisma config detected, 
skipping environment 
variable loading.
Prisma schema loaded from prisma\schema.prisma
Error: 
EPERM: operation not 
permitted, rename 'C:\User
s\DELL\Desktop\szabist-sdf
s\node_modules\.prisma\cli
ent\query_engine-windows.d
ll.node.tmp17180' -> 'C:\U
sers\DELL\Desktop\szabist-
sdfs\node_modules\.prisma\
client\query_engine-window
s.dll.node'


